../Core/Src/main.c:83:5:__io_putchar	16	static
../Core/Src/main.c:188:6:CheckByte	16	static
../Core/Src/main.c:263:6:CheckByte2	16	static
../Core/Src/main.c:391:6:ProcessRxmsg	16	static
../Core/Src/main.c:411:6:TxMsg_PSU	16	static
../Core/Src/main.c:431:6:TxMsg_Tilt	8	static
../Core/Src/main.c:464:6:HAL_CAN_RxFifo0MsgPendingCallback	16	static
../Core/Src/main.c:638:6:flash_save	48	static
../Core/Src/main.c:658:6:flash_save1	48	static
../Core/Src/main.c:677:6:flash_save2	48	static
../Core/Src/main.c:748:9:sw_id	16	static
../Core/Src/main.c:763:6:auto_zero	8	static
../Core/Src/main.c:830:6:key_scan	16	static
../Core/Src/main.c:858:6:key	16	static
../Core/Src/main.c:919:6:id_angle_preset	8	static
../Core/Src/main.c:977:6:CANBUS_dect	4	static
../Core/Src/main.c:1048:6:lamp_dect	16	static
../Core/Src/main.c:1104:6:ang_dect	24	static
../Core/Src/main.c:1184:6:HAL_TIM_PeriodElapsedCallback	24	static
../Core/Src/main.c:1211:6:HAL_GPIO_EXTI_Callback	24	static
../Core/Src/main.c:1236:5:main	56	static
../Core/Src/main.c:1853:6:SystemClock_Config	88	static
../Core/Src/main.c:1900:13:MX_ADC1_Init	24	static
../Core/Src/main.c:1947:13:MX_ADC2_Init	24	static
../Core/Src/main.c:2002:13:MX_CAN_Init	8	static
../Core/Src/main.c:2041:13:MX_I2C1_Init	8	static
../Core/Src/main.c:2075:13:MX_I2C2_Init	8	static
../Core/Src/main.c:2109:13:MX_SPI2_Init	8	static
../Core/Src/main.c:2147:13:MX_TIM2_Init	32	static
../Core/Src/main.c:2192:13:MX_USART1_UART_Init	8	static
../Core/Src/main.c:2225:13:MX_USART2_UART_Init	8	static
../Core/Src/main.c:2258:13:MX_GPIO_Init	40	static
../Core/Src/main.c:2349:6:Error_Handler	4	static
